1,bulbasaur
2,ivysaur
3,venosaur
4,charmander
5,charmeleon
6,charizard