[{"id":132,"name":"ditto","sprites":{"front_default":"https://raw.githubusercontent.com/PokeAPI/sprites/master/sprites/pokemon/132.png"},"weight":40,"height":3,"base_experience":101,"species":{"name":"ditto","gender_rate":-1,"is_baby":false,"is_legendary":false,"is_mythical":false,"habitad":"urban"},"abilities":[{"ability":{"name":"limber","url":"https://pokeapi.co/api/v2/ability/7/"},"is_hidden":false},{"ability":{"name":"imposter","url":"https://pokeapi.co/api/v2/ability/150/"},"is_hidden":true}],"moves":[{"move":{"name":"transform","url":"https://pokeapi.co/api/v2/move/144/"}}],"types":[{"type":{"name":"normal","url":"https://pokeapi.co/api/v2/type/1/"}}]}]